exports[`test renders correctly 1`] = `
<li
  className="message-item">
  <div
    className="avatar">
    <img
      alt="Albert\'s avatar"
      src="http://dummyimage.com/100x100.jpg/5fa2dd/ffffff" />
  </div>
  <div
    className="message">
    Quisque erat eros, viverra eget, congue eget, semper rutrum, nulla.
    <span>
       On: 
      Thursday, February 9, 2017 4:27 AM
    </span>
    <span
      className="email">
      <p>
        arosec@bbb.org
      </p>
    </span>
  </div>
</li>
`;
