exports[`test renders correctly 1`] = `
<div>
  <ul>
    <li
      className="message-item">
      <div
        className="avatar">
        <img
          alt="Amanda\'s avatar"
          src={null} />
      </div>
      <div
        className="message">
        Mauris lacinia sapien quis libero.
        <span>
           On: 
          Monday, February 27, 2017 1:47 PM
        </span>
        <span
          className="email">
          <p>
            abakera@craigslist.org
          </p>
        </span>
      </div>
    </li>
    <li
      className="message-item">
      <div
        className="avatar">
        <img
          alt="Wanda\'s avatar"
          src="http://dummyimage.com/100x100.png/ff4444/ffffff" />
      </div>
      <div
        className="message">
        Nulla tempus. Vivamus in felis eu sapien cursus vestibulum.
        <span>
           On: 
          Saturday, February 11, 2017 1:06 AM
        </span>
        <span
          className="email">
          <p>
            wgonzalezz@va.gov
          </p>
        </span>
      </div>
    </li>
    <li
      className="message-item">
      <div
        className="avatar">
        <img
          alt="Albert\'s avatar"
          src="http://dummyimage.com/100x100.jpg/5fa2dd/ffffff" />
      </div>
      <div
        className="message">
        Quisque erat eros, viverra eget, congue eget, semper rutrum, nulla.
        <span>
           On: 
          Thursday, February 9, 2017 4:27 AM
        </span>
        <span
          className="email">
          <p>
            arosec@bbb.org
          </p>
        </span>
      </div>
    </li>
    <li
      className="message-item">
      <div
        className="avatar">
        <img
          alt="Peter\'s avatar"
          src="http://dummyimage.com/100x100.jpg/5fa2dd/ffffff" />
      </div>
      <div
        className="message">
        Nam congue, risus semper porta volutpat, quam pede lobortis ligula, sit amet eleifend pede libero quis orci.
        <span>
           On: 
          Wednesday, February 1, 2017 6:52 PM
        </span>
        <span
          className="email">
          <p>
            phoward12@chronoengine.com
          </p>
        </span>
      </div>
    </li>
    <li
      className="message-item">
      <div
        className="avatar">
        <img
          alt="Phillip\'s avatar"
          src="http://dummyimage.com/100x100.bmp/5fa2dd/ffffff" />
      </div>
      <div
        className="message">
        In hac habitasse platea dictumst.
        <span>
           On: 
          Wednesday, February 1, 2017 10:41 AM
        </span>
        <span
          className="email">
          <p>
            pharperr@who.int
          </p>
        </span>
      </div>
    </li>
    <li
      className="message-item">
      <div
        className="avatar">
        <img
          alt="Martin\'s avatar"
          src="http://dummyimage.com/100x100.png/5fa2dd/ffffff" />
      </div>
      <div
        className="message">
        Cras in purus eu magna vulputate luctus.
        <span>
           On: 
          Thursday, January 26, 2017 7:53 AM
        </span>
        <span
          className="email">
          <p>
            mbradley0@google.it
          </p>
        </span>
      </div>
    </li>
    <li
      className="message-item">
      <div
        className="avatar">
        <img
          alt="Denise\'s avatar"
          src={null} />
      </div>
      <div
        className="message">
        Morbi porttitor lorem id ligula.
        <span>
           On: 
          Sunday, January 15, 2017 7:26 AM
        </span>
        <span
          className="email">
          <p>
            dfowlerf@stanford.edu
          </p>
        </span>
      </div>
    </li>
    <li
      className="message-item">
      <div
        className="avatar">
        <img
          alt="Benjamin\'s avatar"
          src={null} />
      </div>
      <div
        className="message">
        Praesent blandit lacinia erat. Vestibulum sed magna at nunc commodo placerat. Praesent blandit.
        <span>
           On: 
          Thursday, January 12, 2017 5:45 PM
        </span>
        <span
          className="email">
          <p>
            bpierce17@homestead.com
          </p>
        </span>
      </div>
    </li>
    <li
      className="message-item">
      <div
        className="avatar">
        <img
          alt="Kevin\'s avatar"
          src="http://dummyimage.com/100x100.jpg/dddddd/000000" />
      </div>
      <div
        className="message">
        Morbi quis tortor id nulla ultrices aliquet. Maecenas leo odio, condimentum id, luctus nec, molestie sed, justo.
        <span>
           On: 
          Tuesday, January 3, 2017 4:08 AM
        </span>
        <span
          className="email">
          <p>
            kharveyn@google.nl
          </p>
        </span>
      </div>
    </li>
    <li
      className="message-item">
      <div
        className="avatar">
        <img
          alt="Wanda\'s avatar"
          src="http://dummyimage.com/100x100.png/ff4444/ffffff" />
      </div>
      <div
        className="message">
        Cras mi pede, malesuada in, imperdiet et, commodo vulputate, justo. In blandit ultrices enim.
        <span>
           On: 
          Friday, December 23, 2016 3:27 AM
        </span>
        <span
          className="email">
          <p>
            wgonzalezz@va.gov
          </p>
        </span>
      </div>
    </li>
    <li
      className="message-item">
      <div
        className="avatar">
        <img
          alt="Todd\'s avatar"
          src="http://dummyimage.com/100x100.jpg/dddddd/000000" />
      </div>
      <div
        className="message">
        Donec dapibus. Duis at velit eu est congue elementum.
        <span>
           On: 
          Sunday, December 18, 2016 12:43 AM
        </span>
        <span
          className="email">
          <p>
            treyesg@dmoz.org
          </p>
        </span>
      </div>
    </li>
    <li
      className="message-item">
      <div
        className="avatar">
        <img
          alt="Robin\'s avatar"
          src={null} />
      </div>
      <div
        className="message">
        Curabitur at ipsum ac tellus semper interdum. Mauris ullamcorper purus sit amet nulla.
        <span>
           On: 
          Saturday, December 17, 2016 1:52 PM
        </span>
        <span
          className="email">
          <p>
            rknighte@kickstarter.com
          </p>
        </span>
      </div>
    </li>
    <li
      className="message-item">
      <div
        className="avatar">
        <img
          alt="Annie\'s avatar"
          src={null} />
      </div>
      <div
        className="message">
        Pellentesque eget nunc. Donec quis orci eget orci vehicula condimentum. Curabitur in libero ut massa volutpat convallis.
        <span>
           On: 
          Thursday, December 15, 2016 11:29 AM
        </span>
        <span
          className="email">
          <p>
            abrowny@flickr.com
          </p>
        </span>
      </div>
    </li>
    <li
      className="message-item">
      <div
        className="avatar">
        <img
          alt="Aaron\'s avatar"
          src="http://dummyimage.com/100x100.jpg/dddddd/000000" />
      </div>
      <div
        className="message">
        In sagittis dui vel nisl. Duis ac nibh. Fusce lacus purus, aliquet at, feugiat non, pretium quis, lectus.
        <span>
           On: 
          Wednesday, December 7, 2016 5:02 AM
        </span>
        <span
          className="email">
          <p>
            awilliams8@indiegogo.com
          </p>
        </span>
      </div>
    </li>
    <li
      className="message-item">
      <div
        className="avatar">
        <img
          alt="Aaron\'s avatar"
          src="http://dummyimage.com/100x100.jpg/dddddd/000000" />
      </div>
      <div
        className="message">
        Donec odio justo, sollicitudin ut, suscipit a, feugiat et, eros. Vestibulum ac est lacinia nisi venenatis tristique.
        <span>
           On: 
          Tuesday, December 6, 2016 7:24 AM
        </span>
        <span
          className="email">
          <p>
            awilliams8@indiegogo.com
          </p>
        </span>
      </div>
    </li>
    <li
      className="message-item">
      <div
        className="avatar">
        <img
          alt="Betty\'s avatar"
          src={null} />
      </div>
      <div
        className="message">
        Duis aliquam convallis nunc. Proin at turpis a pede posuere nonummy.
        <span>
           On: 
          Tuesday, December 6, 2016 5:07 AM
        </span>
        <span
          className="email">
          <p>
            bhill11@java.com
          </p>
        </span>
      </div>
    </li>
    <li
      className="message-item">
      <div
        className="avatar">
        <img
          alt="Annie\'s avatar"
          src={null} />
      </div>
      <div
        className="message">
        In congue. Etiam justo.
        <span>
           On: 
          Thursday, November 24, 2016 9:53 PM
        </span>
        <span
          className="email">
          <p>
            abrowny@flickr.com
          </p>
        </span>
      </div>
    </li>
    <li
      className="message-item">
      <div
        className="avatar">
        <img
          alt="Doris\'s avatar"
          src="http://dummyimage.com/100x100.png/cc0000/ffffff" />
      </div>
      <div
        className="message">
        Proin eu mi. Nulla ac enim.
        <span>
           On: 
          Thursday, November 24, 2016 3:49 PM
        </span>
        <span
          className="email">
          <p>
            dmurphyq@oracle.com
          </p>
        </span>
      </div>
    </li>
    <li
      className="message-item">
      <div
        className="avatar">
        <img
          alt="Todd\'s avatar"
          src="http://dummyimage.com/100x100.jpg/dddddd/000000" />
      </div>
      <div
        className="message">
        In hac habitasse platea dictumst. Etiam faucibus cursus urna. Ut tellus.
        <span>
           On: 
          Wednesday, November 23, 2016 11:45 AM
        </span>
        <span
          className="email">
          <p>
            treyesg@dmoz.org
          </p>
        </span>
      </div>
    </li>
    <li
      className="message-item">
      <div
        className="avatar">
        <img
          alt="Annie\'s avatar"
          src={null} />
      </div>
      <div
        className="message">
        Pellentesque at nulla.
        <span>
           On: 
          Wednesday, November 16, 2016 12:53 PM
        </span>
        <span
          className="email">
          <p>
            abrowny@flickr.com
          </p>
        </span>
      </div>
    </li>
    <li
      className="message-item">
      <div
        className="avatar">
        <img
          alt="Henry\'s avatar"
          src="http://dummyimage.com/100x100.bmp/cc0000/ffffff" />
      </div>
      <div
        className="message">
        Maecenas rhoncus aliquam lacus.
        <span>
           On: 
          Monday, November 14, 2016 9:41 PM
        </span>
        <span
          className="email">
          <p>
            hharrisonj@github.io
          </p>
        </span>
      </div>
    </li>
    <li
      className="message-item">
      <div
        className="avatar">
        <img
          alt="Steven\'s avatar"
          src="http://dummyimage.com/100x100.png/cc0000/ffffff" />
      </div>
      <div
        className="message">
        In eleifend quam a odio. In hac habitasse platea dictumst.
        <span>
           On: 
          Monday, November 14, 2016 4:51 PM
        </span>
        <span
          className="email">
          <p>
            shenry19@desdev.cn
          </p>
        </span>
      </div>
    </li>
    <li
      className="message-item">
      <div
        className="avatar">
        <img
          alt="Joan\'s avatar"
          src="http://dummyimage.com/100x100.jpg/5fa2dd/ffffff" />
      </div>
      <div
        className="message">
        Aenean lectus.
        <span>
           On: 
          Saturday, November 12, 2016 2:55 AM
        </span>
        <span
          className="email">
          <p>
            jpayne3@youtube.com
          </p>
        </span>
      </div>
    </li>
    <li
      className="message-item">
      <div
        className="avatar">
        <img
          alt="Larry\'s avatar"
          src="http://dummyimage.com/100x100.bmp/5fa2dd/ffffff" />
      </div>
      <div
        className="message">
        Integer a nibh. In quis justo. Maecenas rhoncus aliquam lacus.
        <span>
           On: 
          Wednesday, November 9, 2016 5:04 AM
        </span>
        <span
          className="email">
          <p>
            lowensm@earthlink.net
          </p>
        </span>
      </div>
    </li>
    <li
      className="message-item">
      <div
        className="avatar">
        <img
          alt="Anna\'s avatar"
          src={null} />
      </div>
      <div
        className="message">
        Morbi quis tortor id nulla ultrices aliquet. Maecenas leo odio, condimentum id, luctus nec, molestie sed, justo. Pellentesque viverra pede ac diam.
        <span>
           On: 
          Friday, November 4, 2016 2:59 AM
        </span>
        <span
          className="email">
          <p>
            afreeman14@state.gov
          </p>
        </span>
      </div>
    </li>
    <li
      className="message-item">
      <div
        className="avatar">
        <img
          alt="Henry\'s avatar"
          src="http://dummyimage.com/100x100.bmp/cc0000/ffffff" />
      </div>
      <div
        className="message">
        Vivamus in felis eu sapien cursus vestibulum. Proin eu mi. Nulla ac enim.
        <span>
           On: 
          Wednesday, November 2, 2016 12:09 AM
        </span>
        <span
          className="email">
          <p>
            hharrisonj@github.io
          </p>
        </span>
      </div>
    </li>
    <li
      className="message-item">
      <div
        className="avatar">
        <img
          alt="Kevin\'s avatar"
          src="http://dummyimage.com/100x100.jpg/dddddd/000000" />
      </div>
      <div
        className="message">
        Integer non velit.
        <span>
           On: 
          Tuesday, November 1, 2016 6:32 AM
        </span>
        <span
          className="email">
          <p>
            kharveyn@google.nl
          </p>
        </span>
      </div>
    </li>
    <li
      className="message-item">
      <div
        className="avatar">
        <img
          alt="Robin\'s avatar"
          src={null} />
      </div>
      <div
        className="message">
        Nam nulla. Integer pede justo, lacinia eget, tincidunt eget, tempus vel, pede. Morbi porttitor lorem id ligula.
        <span>
           On: 
          Sunday, October 30, 2016 2:59 AM
        </span>
        <span
          className="email">
          <p>
            rknighte@kickstarter.com
          </p>
        </span>
      </div>
    </li>
    <li
      className="message-item">
      <div
        className="avatar">
        <img
          alt="Phillip\'s avatar"
          src="http://dummyimage.com/100x100.bmp/5fa2dd/ffffff" />
      </div>
      <div
        className="message">
        Nunc purus.
        <span>
           On: 
          Friday, October 28, 2016 4:26 AM
        </span>
        <span
          className="email">
          <p>
            pharperr@who.int
          </p>
        </span>
      </div>
    </li>
    <li
      className="message-item">
      <div
        className="avatar">
        <img
          alt="Larry\'s avatar"
          src="http://dummyimage.com/100x100.bmp/5fa2dd/ffffff" />
      </div>
      <div
        className="message">
        Aliquam non mauris.
        <span>
           On: 
          Friday, October 28, 2016 4:13 AM
        </span>
        <span
          className="email">
          <p>
            lowensm@earthlink.net
          </p>
        </span>
      </div>
    </li>
    <li
      className="message-item">
      <div
        className="avatar">
        <img
          alt="Sara\'s avatar"
          src="http://dummyimage.com/100x100.bmp/ff4444/ffffff" />
      </div>
      <div
        className="message">
        Cras in purus eu magna vulputate luctus. Cum sociis natoque penatibus et magnis dis parturient montes, nascetur ridiculus mus.
        <span>
           On: 
          Sunday, October 23, 2016 10:55 PM
        </span>
        <span
          className="email">
          <p>
            shenryd@va.gov
          </p>
        </span>
      </div>
    </li>
    <li
      className="message-item">
      <div
        className="avatar">
        <img
          alt="Robin\'s avatar"
          src={null} />
      </div>
      <div
        className="message">
        Nulla mollis molestie lorem. Quisque ut erat. Curabitur gravida nisi at nibh.
        <span>
           On: 
          Sunday, October 23, 2016 12:05 AM
        </span>
        <span
          className="email">
          <p>
            rknighte@kickstarter.com
          </p>
        </span>
      </div>
    </li>
    <li
      className="message-item">
      <div
        className="avatar">
        <img
          alt="Todd\'s avatar"
          src="http://dummyimage.com/100x100.jpg/dddddd/000000" />
      </div>
      <div
        className="message">
        Pellentesque at nulla. Suspendisse potenti. Cras in purus eu magna vulputate luctus.
        <span>
           On: 
          Wednesday, October 19, 2016 2:00 AM
        </span>
        <span
          className="email">
          <p>
            treyesg@dmoz.org
          </p>
        </span>
      </div>
    </li>
    <li
      className="message-item">
      <div
        className="avatar">
        <img
          alt="Philip\'s avatar"
          src="http://dummyimage.com/100x100.png/ff4444/ffffff" />
      </div>
      <div
        className="message">
        Quisque erat eros, viverra eget, congue eget, semper rutrum, nulla.
        <span>
           On: 
          Sunday, October 16, 2016 7:18 PM
        </span>
        <span
          className="email">
          <p>
            phowell15@nymag.com
          </p>
        </span>
      </div>
    </li>
    <li
      className="message-item">
      <div
        className="avatar">
        <img
          alt="Phillip\'s avatar"
          src="http://dummyimage.com/100x100.bmp/5fa2dd/ffffff" />
      </div>
      <div
        className="message">
        Phasellus in felis. Donec semper sapien a libero. Nam dui.
        <span>
           On: 
          Tuesday, October 11, 2016 10:52 AM
        </span>
        <span
          className="email">
          <p>
            pharperr@who.int
          </p>
        </span>
      </div>
    </li>
    <li
      className="message-item">
      <div
        className="avatar">
        <img
          alt="Helen\'s avatar"
          src="http://dummyimage.com/100x100.jpg/dddddd/000000" />
      </div>
      <div
        className="message">
        Integer a nibh. In quis justo. Maecenas rhoncus aliquam lacus.
        <span>
           On: 
          Tuesday, October 4, 2016 6:22 AM
        </span>
        <span
          className="email">
          <p>
            hhawkins1@posterous.com
          </p>
        </span>
      </div>
    </li>
    <li
      className="message-item">
      <div
        className="avatar">
        <img
          alt="Marilyn\'s avatar"
          src="http://dummyimage.com/100x100.png/ff4444/ffffff" />
      </div>
      <div
        className="message">
        Morbi sem mauris, laoreet ut, rhoncus aliquet, pulvinar sed, nisl. Nunc rhoncus dui vel sem.
        <span>
           On: 
          Monday, October 3, 2016 9:15 PM
        </span>
        <span
          className="email">
          <p>
            mandrews4@google.it
          </p>
        </span>
      </div>
    </li>
    <li
      className="message-item">
      <div
        className="avatar">
        <img
          alt="Annie\'s avatar"
          src={null} />
      </div>
      <div
        className="message">
        Suspendisse ornare consequat lectus. In est risus, auctor sed, tristique in, tempus sit amet, sem. Fusce consequat.
        <span>
           On: 
          Friday, September 30, 2016 1:23 PM
        </span>
        <span
          className="email">
          <p>
            abrowny@flickr.com
          </p>
        </span>
      </div>
    </li>
    <li
      className="message-item">
      <div
        className="avatar">
        <img
          alt="Todd\'s avatar"
          src="http://dummyimage.com/100x100.jpg/dddddd/000000" />
      </div>
      <div
        className="message">
        Quisque arcu libero, rutrum ac, lobortis vel, dapibus at, diam.
        <span>
           On: 
          Tuesday, September 27, 2016 5:08 PM
        </span>
        <span
          className="email">
          <p>
            treyesg@dmoz.org
          </p>
        </span>
      </div>
    </li>
    <li
      className="message-item">
      <div
        className="avatar">
        <img
          alt="Annie\'s avatar"
          src={null} />
      </div>
      <div
        className="message">
        Fusce posuere felis sed lacus. Morbi sem mauris, laoreet ut, rhoncus aliquet, pulvinar sed, nisl.
        <span>
           On: 
          Thursday, September 22, 2016 6:47 PM
        </span>
        <span
          className="email">
          <p>
            abrowny@flickr.com
          </p>
        </span>
      </div>
    </li>
    <li
      className="message-item">
      <div
        className="avatar">
        <img
          alt="Anna\'s avatar"
          src={null} />
      </div>
      <div
        className="message">
        Nulla neque libero, convallis eget, eleifend luctus, ultricies eu, nibh.
        <span>
           On: 
          Sunday, September 18, 2016 11:22 PM
        </span>
        <span
          className="email">
          <p>
            afreeman14@state.gov
          </p>
        </span>
      </div>
    </li>
    <li
      className="message-item">
      <div
        className="avatar">
        <img
          alt="Benjamin\'s avatar"
          src={null} />
      </div>
      <div
        className="message">
        Donec ut mauris eget massa tempor convallis. Nulla neque libero, convallis eget, eleifend luctus, ultricies eu, nibh. Quisque id justo sit amet sapien dignissim vestibulum.
        <span>
           On: 
          Friday, September 16, 2016 1:54 PM
        </span>
        <span
          className="email">
          <p>
            bpierce17@homestead.com
          </p>
        </span>
      </div>
    </li>
    <li
      className="message-item">
      <div
        className="avatar">
        <img
          alt="Benjamin\'s avatar"
          src={null} />
      </div>
      <div
        className="message">
        Nunc rhoncus dui vel sem. Sed sagittis. Nam congue, risus semper porta volutpat, quam pede lobortis ligula, sit amet eleifend pede libero quis orci.
        <span>
           On: 
          Friday, September 16, 2016 8:50 AM
        </span>
        <span
          className="email">
          <p>
            bpierce17@homestead.com
          </p>
        </span>
      </div>
    </li>
    <li
      className="message-item">
      <div
        className="avatar">
        <img
          alt="Sara\'s avatar"
          src="http://dummyimage.com/100x100.bmp/ff4444/ffffff" />
      </div>
      <div
        className="message">
        In hac habitasse platea dictumst. Morbi vestibulum, velit id pretium iaculis, diam erat fermentum justo, nec condimentum neque sapien placerat ante.
        <span>
           On: 
          Thursday, September 15, 2016 10:28 AM
        </span>
        <span
          className="email">
          <p>
            shenryd@va.gov
          </p>
        </span>
      </div>
    </li>
    <li
      className="message-item">
      <div
        className="avatar">
        <img
          alt="Henry\'s avatar"
          src="http://dummyimage.com/100x100.bmp/cc0000/ffffff" />
      </div>
      <div
        className="message">
        Vestibulum rutrum rutrum neque.
        <span>
           On: 
          Tuesday, September 13, 2016 4:19 PM
        </span>
        <span
          className="email">
          <p>
            hharrisonj@github.io
          </p>
        </span>
      </div>
    </li>
    <li
      className="message-item">
      <div
        className="avatar">
        <img
          alt="Phillip\'s avatar"
          src="http://dummyimage.com/100x100.bmp/5fa2dd/ffffff" />
      </div>
      <div
        className="message">
        Morbi sem mauris, laoreet ut, rhoncus aliquet, pulvinar sed, nisl. Nunc rhoncus dui vel sem.
        <span>
           On: 
          Sunday, September 11, 2016 10:18 PM
        </span>
        <span
          className="email">
          <p>
            pharperr@who.int
          </p>
        </span>
      </div>
    </li>
    <li
      className="message-item">
      <div
        className="avatar">
        <img
          alt="Betty\'s avatar"
          src={null} />
      </div>
      <div
        className="message">
        Nunc rhoncus dui vel sem.
        <span>
           On: 
          Friday, September 9, 2016 6:04 AM
        </span>
        <span
          className="email">
          <p>
            bhill11@java.com
          </p>
        </span>
      </div>
    </li>
    <li
      className="message-item">
      <div
        className="avatar">
        <img
          alt="James\'s avatar"
          src="http://dummyimage.com/100x100.jpg/cc0000/ffffff" />
      </div>
      <div
        className="message">
        Cras non velit nec nisi vulputate nonummy.
        <span>
           On: 
          Thursday, September 8, 2016 8:48 AM
        </span>
        <span
          className="email">
          <p>
            jrogers5@chron.com
          </p>
        </span>
      </div>
    </li>
    <li
      className="message-item">
      <div
        className="avatar">
        <img
          alt="Sara\'s avatar"
          src="http://dummyimage.com/100x100.bmp/5fa2dd/ffffff" />
      </div>
      <div
        className="message">
        In tempor, turpis nec euismod scelerisque, quam turpis adipiscing lorem, vitae mattis nibh ligula nec sem. Duis aliquam convallis nunc.
        <span>
           On: 
          Tuesday, September 6, 2016 3:55 PM
        </span>
        <span
          className="email">
          <p>
            sshaw1c@naver.com
          </p>
        </span>
      </div>
    </li>
    <li
      className="message-item">
      <div
        className="avatar">
        <img
          alt="Denise\'s avatar"
          src={null} />
      </div>
      <div
        className="message">
        Suspendisse accumsan tortor quis turpis. Sed ante. Vivamus tortor.
        <span>
           On: 
          Tuesday, September 6, 2016 2:09 AM
        </span>
        <span
          className="email">
          <p>
            dfowlerf@stanford.edu
          </p>
        </span>
      </div>
    </li>
    <li
      className="message-item">
      <div
        className="avatar">
        <img
          alt="Carl\'s avatar"
          src="http://dummyimage.com/100x100.bmp/cc0000/ffffff" />
      </div>
      <div
        className="message">
        Proin at turpis a pede posuere nonummy. Integer non velit.
        <span>
           On: 
          Monday, September 5, 2016 6:23 PM
        </span>
        <span
          className="email">
          <p>
            cgreenx@ftc.gov
          </p>
        </span>
      </div>
    </li>
    <li
      className="message-item">
      <div
        className="avatar">
        <img
          alt="Aaron\'s avatar"
          src="http://dummyimage.com/100x100.jpg/dddddd/000000" />
      </div>
      <div
        className="message">
        Quisque porta volutpat erat. Quisque erat eros, viverra eget, congue eget, semper rutrum, nulla.
        <span>
           On: 
          Monday, September 5, 2016 5:34 AM
        </span>
        <span
          className="email">
          <p>
            awilliams8@indiegogo.com
          </p>
        </span>
      </div>
    </li>
    <li
      className="message-item">
      <div
        className="avatar">
        <img
          alt="Doris\'s avatar"
          src="http://dummyimage.com/100x100.png/cc0000/ffffff" />
      </div>
      <div
        className="message">
        Donec ut dolor. Morbi vel lectus in quam fringilla rhoncus.
        <span>
           On: 
          Friday, September 2, 2016 7:14 AM
        </span>
        <span
          className="email">
          <p>
            dmurphyq@oracle.com
          </p>
        </span>
      </div>
    </li>
    <li
      className="message-item">
      <div
        className="avatar">
        <img
          alt="Albert\'s avatar"
          src="http://dummyimage.com/100x100.jpg/5fa2dd/ffffff" />
      </div>
      <div
        className="message">
        Nullam varius. Nulla facilisi.
        <span>
           On: 
          Tuesday, August 30, 2016 12:09 PM
        </span>
        <span
          className="email">
          <p>
            arosec@bbb.org
          </p>
        </span>
      </div>
    </li>
    <li
      className="message-item">
      <div
        className="avatar">
        <img
          alt="Sara\'s avatar"
          src="http://dummyimage.com/100x100.bmp/5fa2dd/ffffff" />
      </div>
      <div
        className="message">
        Nullam orci pede, venenatis non, sodales sed, tincidunt eu, felis. Fusce posuere felis sed lacus. Morbi sem mauris, laoreet ut, rhoncus aliquet, pulvinar sed, nisl.
        <span>
           On: 
          Sunday, August 28, 2016 10:33 AM
        </span>
        <span
          className="email">
          <p>
            sshaw1c@naver.com
          </p>
        </span>
      </div>
    </li>
    <li
      className="message-item">
      <div
        className="avatar">
        <img
          alt="Ralph\'s avatar"
          src="http://dummyimage.com/100x100.png/dddddd/000000" />
      </div>
      <div
        className="message">
        Morbi non lectus. Aliquam sit amet diam in magna bibendum imperdiet.
        <span>
           On: 
          Sunday, August 21, 2016 3:55 AM
        </span>
        <span
          className="email">
          <p>
            rnguyen6@odnoklassniki.ru
          </p>
        </span>
      </div>
    </li>
    <li
      className="message-item">
      <div
        className="avatar">
        <img
          alt="Melissa\'s avatar"
          src="http://dummyimage.com/100x100.png/dddddd/000000" />
      </div>
      <div
        className="message">
        Curabitur in libero ut massa volutpat convallis. Morbi odio odio, elementum eu, interdum eu, tincidunt in, leo.
        <span>
           On: 
          Friday, August 19, 2016 9:43 AM
        </span>
        <span
          className="email">
          <p>
            mmurrayk@wikimedia.org
          </p>
        </span>
      </div>
    </li>
    <li
      className="message-item">
      <div
        className="avatar">
        <img
          alt="Kevin\'s avatar"
          src="http://dummyimage.com/100x100.jpg/dddddd/000000" />
      </div>
      <div
        className="message">
        Nulla tellus.
        <span>
           On: 
          Friday, August 19, 2016 8:05 AM
        </span>
        <span
          className="email">
          <p>
            kharveyn@google.nl
          </p>
        </span>
      </div>
    </li>
    <li
      className="message-item">
      <div
        className="avatar">
        <img
          alt="Anna\'s avatar"
          src={null} />
      </div>
      <div
        className="message">
        Vestibulum ante ipsum primis in faucibus orci luctus et ultrices posuere cubilia Curae; Mauris viverra diam vitae quam. Suspendisse potenti.
        <span>
           On: 
          Friday, August 19, 2016 3:51 AM
        </span>
        <span
          className="email">
          <p>
            afreeman14@state.gov
          </p>
        </span>
      </div>
    </li>
    <li
      className="message-item">
      <div
        className="avatar">
        <img
          alt="Doris\'s avatar"
          src="http://dummyimage.com/100x100.png/cc0000/ffffff" />
      </div>
      <div
        className="message">
        In blandit ultrices enim.
        <span>
           On: 
          Thursday, August 18, 2016 3:46 PM
        </span>
        <span
          className="email">
          <p>
            dmurphyq@oracle.com
          </p>
        </span>
      </div>
    </li>
    <li
      className="message-item">
      <div
        className="avatar">
        <img
          alt="Melissa\'s avatar"
          src="http://dummyimage.com/100x100.png/dddddd/000000" />
      </div>
      <div
        className="message">
        Maecenas tristique, est et tempus semper, est quam pharetra magna, ac consequat metus sapien ut nunc.
        <span>
           On: 
          Saturday, August 13, 2016 10:44 PM
        </span>
        <span
          className="email">
          <p>
            mmurrayk@wikimedia.org
          </p>
        </span>
      </div>
    </li>
    <li
      className="message-item">
      <div
        className="avatar">
        <img
          alt="James\'s avatar"
          src="http://dummyimage.com/100x100.jpg/cc0000/ffffff" />
      </div>
      <div
        className="message">
        Vestibulum ante ipsum primis in faucibus orci luctus et ultrices posuere cubilia Curae; Mauris viverra diam vitae quam. Suspendisse potenti.
        <span>
           On: 
          Thursday, August 11, 2016 2:32 PM
        </span>
        <span
          className="email">
          <p>
            jrogers5@chron.com
          </p>
        </span>
      </div>
    </li>
    <li
      className="message-item">
      <div
        className="avatar">
        <img
          alt="Todd\'s avatar"
          src="http://dummyimage.com/100x100.jpg/dddddd/000000" />
      </div>
      <div
        className="message">
        Lorem ipsum dolor sit amet, consectetuer adipiscing elit. Proin interdum mauris non ligula pellentesque ultrices.
        <span>
           On: 
          Wednesday, August 10, 2016 3:18 PM
        </span>
        <span
          className="email">
          <p>
            treyesg@dmoz.org
          </p>
        </span>
      </div>
    </li>
    <li
      className="message-item">
      <div
        className="avatar">
        <img
          alt="Sara\'s avatar"
          src="http://dummyimage.com/100x100.bmp/5fa2dd/ffffff" />
      </div>
      <div
        className="message">
        In eleifend quam a odio.
        <span>
           On: 
          Sunday, August 7, 2016 9:12 AM
        </span>
        <span
          className="email">
          <p>
            sshaw1c@naver.com
          </p>
        </span>
      </div>
    </li>
    <li
      className="message-item">
      <div
        className="avatar">
        <img
          alt="Albert\'s avatar"
          src="http://dummyimage.com/100x100.jpg/5fa2dd/ffffff" />
      </div>
      <div
        className="message">
        Donec dapibus. Duis at velit eu est congue elementum.
        <span>
           On: 
          Monday, August 1, 2016 8:02 AM
        </span>
        <span
          className="email">
          <p>
            arosec@bbb.org
          </p>
        </span>
      </div>
    </li>
    <li
      className="message-item">
      <div
        className="avatar">
        <img
          alt="Jeremy\'s avatar"
          src="http://dummyimage.com/100x100.jpg/dddddd/000000" />
      </div>
      <div
        className="message">
        Phasellus in felis. Donec semper sapien a libero.
        <span>
           On: 
          Tuesday, July 12, 2016 2:55 PM
        </span>
        <span
          className="email">
          <p>
            jgomezh@cdc.gov
          </p>
        </span>
      </div>
    </li>
    <li
      className="message-item">
      <div
        className="avatar">
        <img
          alt="Benjamin\'s avatar"
          src={null} />
      </div>
      <div
        className="message">
        In hac habitasse platea dictumst. Morbi vestibulum, velit id pretium iaculis, diam erat fermentum justo, nec condimentum neque sapien placerat ante. Nulla justo.
        <span>
           On: 
          Sunday, June 26, 2016 10:21 PM
        </span>
        <span
          className="email">
          <p>
            bpierce17@homestead.com
          </p>
        </span>
      </div>
    </li>
    <li
      className="message-item">
      <div
        className="avatar">
        <img
          alt="Kevin\'s avatar"
          src="http://dummyimage.com/100x100.jpg/dddddd/000000" />
      </div>
      <div
        className="message">
        Nam nulla.
        <span>
           On: 
          Thursday, June 23, 2016 3:01 AM
        </span>
        <span
          className="email">
          <p>
            kharveyn@google.nl
          </p>
        </span>
      </div>
    </li>
    <li
      className="message-item">
      <div
        className="avatar">
        <img
          alt="Anna\'s avatar"
          src={null} />
      </div>
      <div
        className="message">
        Nulla tempus. Vivamus in felis eu sapien cursus vestibulum. Proin eu mi.
        <span>
           On: 
          Tuesday, June 7, 2016 4:04 PM
        </span>
        <span
          className="email">
          <p>
            afreeman14@state.gov
          </p>
        </span>
      </div>
    </li>
    <li
      className="message-item">
      <div
        className="avatar">
        <img
          alt="Amanda\'s avatar"
          src={null} />
      </div>
      <div
        className="message">
        Aliquam non mauris. Morbi non lectus.
        <span>
           On: 
          Sunday, June 5, 2016 11:13 PM
        </span>
        <span
          className="email">
          <p>
            abakera@craigslist.org
          </p>
        </span>
      </div>
    </li>
    <li
      className="message-item">
      <div
        className="avatar">
        <img
          alt="Peter\'s avatar"
          src="http://dummyimage.com/100x100.bmp/ff4444/ffffff" />
      </div>
      <div
        className="message">
        Nulla neque libero, convallis eget, eleifend luctus, ultricies eu, nibh. Quisque id justo sit amet sapien dignissim vestibulum.
        <span>
           On: 
          Friday, June 3, 2016 10:16 PM
        </span>
        <span
          className="email">
          <p>
            phenryt@pen.io
          </p>
        </span>
      </div>
    </li>
    <li
      className="message-item">
      <div
        className="avatar">
        <img
          alt="Peter\'s avatar"
          src="http://dummyimage.com/100x100.jpg/5fa2dd/ffffff" />
      </div>
      <div
        className="message">
        Suspendisse potenti.
        <span>
           On: 
          Friday, June 3, 2016 9:24 PM
        </span>
        <span
          className="email">
          <p>
            phoward12@chronoengine.com
          </p>
        </span>
      </div>
    </li>
    <li
      className="message-item">
      <div
        className="avatar">
        <img
          alt="Todd\'s avatar"
          src="http://dummyimage.com/100x100.jpg/dddddd/000000" />
      </div>
      <div
        className="message">
        Morbi odio odio, elementum eu, interdum eu, tincidunt in, leo.
        <span>
           On: 
          Thursday, June 2, 2016 6:19 AM
        </span>
        <span
          className="email">
          <p>
            treyesg@dmoz.org
          </p>
        </span>
      </div>
    </li>
    <li
      className="message-item">
      <div
        className="avatar">
        <img
          alt="Kevin\'s avatar"
          src="http://dummyimage.com/100x100.jpg/dddddd/000000" />
      </div>
      <div
        className="message">
        Suspendisse potenti. Cras in purus eu magna vulputate luctus.
        <span>
           On: 
          Friday, May 27, 2016 12:36 PM
        </span>
        <span
          className="email">
          <p>
            kharveyn@google.nl
          </p>
        </span>
      </div>
    </li>
    <li
      className="message-item">
      <div
        className="avatar">
        <img
          alt="Phillip\'s avatar"
          src="http://dummyimage.com/100x100.bmp/5fa2dd/ffffff" />
      </div>
      <div
        className="message">
        Pellentesque ultrices mattis odio. Donec vitae nisi.
        <span>
           On: 
          Tuesday, May 24, 2016 1:27 PM
        </span>
        <span
          className="email">
          <p>
            pharperr@who.int
          </p>
        </span>
      </div>
    </li>
    <li
      className="message-item">
      <div
        className="avatar">
        <img
          alt="Doris\'s avatar"
          src="http://dummyimage.com/100x100.png/cc0000/ffffff" />
      </div>
      <div
        className="message">
        Maecenas ut massa quis augue luctus tincidunt. Nulla mollis molestie lorem. Quisque ut erat.
        <span>
           On: 
          Tuesday, May 24, 2016 3:09 AM
        </span>
        <span
          className="email">
          <p>
            dmurphyq@oracle.com
          </p>
        </span>
      </div>
    </li>
    <li
      className="message-item">
      <div
        className="avatar">
        <img
          alt="Sara\'s avatar"
          src="http://dummyimage.com/100x100.bmp/5fa2dd/ffffff" />
      </div>
      <div
        className="message">
        Nulla ut erat id mauris vulputate elementum. Nullam varius.
        <span>
           On: 
          Monday, May 16, 2016 4:32 AM
        </span>
        <span
          className="email">
          <p>
            sshaw1c@naver.com
          </p>
        </span>
      </div>
    </li>
    <li
      className="message-item">
      <div
        className="avatar">
        <img
          alt="Sara\'s avatar"
          src="http://dummyimage.com/100x100.bmp/ff4444/ffffff" />
      </div>
      <div
        className="message">
        Nullam orci pede, venenatis non, sodales sed, tincidunt eu, felis. Fusce posuere felis sed lacus. Morbi sem mauris, laoreet ut, rhoncus aliquet, pulvinar sed, nisl.
        <span>
           On: 
          Monday, May 9, 2016 8:36 AM
        </span>
        <span
          className="email">
          <p>
            shenryd@va.gov
          </p>
        </span>
      </div>
    </li>
    <li
      className="message-item">
      <div
        className="avatar">
        <img
          alt="Melissa\'s avatar"
          src="http://dummyimage.com/100x100.png/dddddd/000000" />
      </div>
      <div
        className="message">
        Cum sociis natoque penatibus et magnis dis parturient montes, nascetur ridiculus mus.
        <span>
           On: 
          Wednesday, May 4, 2016 2:55 PM
        </span>
        <span
          className="email">
          <p>
            mmurrayk@wikimedia.org
          </p>
        </span>
      </div>
    </li>
    <li
      className="message-item">
      <div
        className="avatar">
        <img
          alt="Benjamin\'s avatar"
          src={null} />
      </div>
      <div
        className="message">
        Quisque erat eros, viverra eget, congue eget, semper rutrum, nulla. Nunc purus.
        <span>
           On: 
          Wednesday, April 20, 2016 3:33 PM
        </span>
        <span
          className="email">
          <p>
            bpierce17@homestead.com
          </p>
        </span>
      </div>
    </li>
    <li
      className="message-item">
      <div
        className="avatar">
        <img
          alt="Jeremy\'s avatar"
          src="http://dummyimage.com/100x100.jpg/dddddd/000000" />
      </div>
      <div
        className="message">
        Aenean auctor gravida sem. Praesent id massa id nisl venenatis lacinia.
        <span>
           On: 
          Thursday, April 14, 2016 5:53 PM
        </span>
        <span
          className="email">
          <p>
            jgomezh@cdc.gov
          </p>
        </span>
      </div>
    </li>
    <li
      className="message-item">
      <div
        className="avatar">
        <img
          alt="Marilyn\'s avatar"
          src="http://dummyimage.com/100x100.png/ff4444/ffffff" />
      </div>
      <div
        className="message">
        Donec ut mauris eget massa tempor convallis.
        <span>
           On: 
          Thursday, April 14, 2016 9:26 AM
        </span>
        <span
          className="email">
          <p>
            mandrews4@google.it
          </p>
        </span>
      </div>
    </li>
    <li
      className="message-item">
      <div
        className="avatar">
        <img
          alt="Marilyn\'s avatar"
          src="http://dummyimage.com/100x100.png/ff4444/ffffff" />
      </div>
      <div
        className="message">
        Nunc purus.
        <span>
           On: 
          Thursday, April 7, 2016 11:20 AM
        </span>
        <span
          className="email">
          <p>
            mandrews4@google.it
          </p>
        </span>
      </div>
    </li>
    <li
      className="message-item">
      <div
        className="avatar">
        <img
          alt="Doris\'s avatar"
          src="http://dummyimage.com/100x100.png/cc0000/ffffff" />
      </div>
      <div
        className="message">
        Nulla justo. Aliquam quis turpis eget elit sodales scelerisque. Mauris sit amet eros.
        <span>
           On: 
          Wednesday, April 6, 2016 4:46 PM
        </span>
        <span
          className="email">
          <p>
            dmurphyq@oracle.com
          </p>
        </span>
      </div>
    </li>
    <li
      className="message-item">
      <div
        className="avatar">
        <img
          alt="Wanda\'s avatar"
          src="http://dummyimage.com/100x100.png/ff4444/ffffff" />
      </div>
      <div
        className="message">
        Duis consequat dui nec nisi volutpat eleifend. Donec ut dolor.
        <span>
           On: 
          Saturday, April 2, 2016 4:58 PM
        </span>
        <span
          className="email">
          <p>
            wgonzalezz@va.gov
          </p>
        </span>
      </div>
    </li>
    <li
      className="message-item">
      <div
        className="avatar">
        <img
          alt="Martin\'s avatar"
          src="http://dummyimage.com/100x100.png/5fa2dd/ffffff" />
      </div>
      <div
        className="message">
        Morbi vestibulum, velit id pretium iaculis, diam erat fermentum justo, nec condimentum neque sapien placerat ante.
        <span>
           On: 
          Friday, March 25, 2016 11:01 PM
        </span>
        <span
          className="email">
          <p>
            mbradley0@google.it
          </p>
        </span>
      </div>
    </li>
    <li
      className="message-item">
      <div
        className="avatar">
        <img
          alt="Philip\'s avatar"
          src="http://dummyimage.com/100x100.png/ff4444/ffffff" />
      </div>
      <div
        className="message">
        Donec vitae nisi. Nam ultrices, libero non mattis pulvinar, nulla pede ullamcorper augue, a suscipit nulla elit ac nulla. Sed vel enim sit amet nunc viverra dapibus.
        <span>
           On: 
          Tuesday, March 22, 2016 9:52 AM
        </span>
        <span
          className="email">
          <p>
            phowell15@nymag.com
          </p>
        </span>
      </div>
    </li>
    <li
      className="message-item">
      <div
        className="avatar">
        <img
          alt="Benjamin\'s avatar"
          src={null} />
      </div>
      <div
        className="message">
        Duis bibendum, felis sed interdum venenatis, turpis enim blandit mi, in porttitor pede justo eu massa. Donec dapibus.
        <span>
           On: 
          Saturday, March 19, 2016 8:12 PM
        </span>
        <span
          className="email">
          <p>
            bpierce17@homestead.com
          </p>
        </span>
      </div>
    </li>
    <li
      className="message-item">
      <div
        className="avatar">
        <img
          alt="Carl\'s avatar"
          src="http://dummyimage.com/100x100.bmp/cc0000/ffffff" />
      </div>
      <div
        className="message">
        Duis consequat dui nec nisi volutpat eleifend. Donec ut dolor.
        <span>
           On: 
          Saturday, March 19, 2016 4:36 AM
        </span>
        <span
          className="email">
          <p>
            cgreenx@ftc.gov
          </p>
        </span>
      </div>
    </li>
    <li
      className="message-item">
      <div
        className="avatar">
        <img
          alt="Lois\'s avatar"
          src={null} />
      </div>
      <div
        className="message">
        Vestibulum quam sapien, varius ut, blandit non, interdum in, ante.
        <span>
           On: 
          Thursday, March 17, 2016 4:30 PM
        </span>
        <span
          className="email">
          <p>
            lwheeler7@harvard.edu
          </p>
        </span>
      </div>
    </li>
    <li
      className="message-item">
      <div
        className="avatar">
        <img
          alt="Phillip\'s avatar"
          src="http://dummyimage.com/100x100.bmp/5fa2dd/ffffff" />
      </div>
      <div
        className="message">
        Nullam molestie nibh in lectus. Pellentesque at nulla.
        <span>
           On: 
          Thursday, March 17, 2016 4:12 PM
        </span>
        <span
          className="email">
          <p>
            pharperr@who.int
          </p>
        </span>
      </div>
    </li>
    <li
      className="message-item">
      <div
        className="avatar">
        <img
          alt="Benjamin\'s avatar"
          src={null} />
      </div>
      <div
        className="message">
        Pellentesque ultrices mattis odio. Donec vitae nisi.
        <span>
           On: 
          Tuesday, March 15, 2016 8:24 PM
        </span>
        <span
          className="email">
          <p>
            bpierce17@homestead.com
          </p>
        </span>
      </div>
    </li>
    <li
      className="message-item">
      <div
        className="avatar">
        <img
          alt="Annie\'s avatar"
          src={null} />
      </div>
      <div
        className="message">
        Cras mi pede, malesuada in, imperdiet et, commodo vulputate, justo.
        <span>
           On: 
          Monday, March 14, 2016 9:32 AM
        </span>
        <span
          className="email">
          <p>
            abrowny@flickr.com
          </p>
        </span>
      </div>
    </li>
    <li
      className="message-item">
      <div
        className="avatar">
        <img
          alt="Jane\'s avatar"
          src={null} />
      </div>
      <div
        className="message">
        In congue. Etiam justo. Etiam pretium iaculis justo.
        <span>
           On: 
          Sunday, March 13, 2016 3:21 AM
        </span>
        <span
          className="email">
          <p>
            jbaileyb@1688.com
          </p>
        </span>
      </div>
    </li>
    <li
      className="message-item">
      <div
        className="avatar">
        <img
          alt="Peter\'s avatar"
          src="http://dummyimage.com/100x100.bmp/ff4444/ffffff" />
      </div>
      <div
        className="message">
        Cras non velit nec nisi vulputate nonummy.
        <span>
           On: 
          Tuesday, March 8, 2016 8:11 PM
        </span>
        <span
          className="email">
          <p>
            phenryt@pen.io
          </p>
        </span>
      </div>
    </li>
    <li
      className="message-item">
      <div
        className="avatar">
        <img
          alt="Benjamin\'s avatar"
          src={null} />
      </div>
      <div
        className="message">
        Vivamus in felis eu sapien cursus vestibulum. Proin eu mi.
        <span>
           On: 
          Friday, March 4, 2016 10:14 AM
        </span>
        <span
          className="email">
          <p>
            bpierce17@homestead.com
          </p>
        </span>
      </div>
    </li>
    <li
      className="message-item">
      <div
        className="avatar">
        <img
          alt="Philip\'s avatar"
          src="http://dummyimage.com/100x100.png/ff4444/ffffff" />
      </div>
      <div
        className="message">
        Vivamus in felis eu sapien cursus vestibulum. Proin eu mi. Nulla ac enim.
        <span>
           On: 
          Wednesday, March 2, 2016 12:10 AM
        </span>
        <span
          className="email">
          <p>
            phowell15@nymag.com
          </p>
        </span>
      </div>
    </li>
    <li
      className="message-item">
      <div
        className="avatar">
        <img
          alt="Henry\'s avatar"
          src="http://dummyimage.com/100x100.bmp/cc0000/ffffff" />
      </div>
      <div
        className="message">
        Integer tincidunt ante vel ipsum. Praesent blandit lacinia erat. Vestibulum sed magna at nunc commodo placerat.
        <span>
           On: 
          Tuesday, March 1, 2016 5:58 PM
        </span>
        <span
          className="email">
          <p>
            hharrisonj@github.io
          </p>
        </span>
      </div>
    </li>
    <li
      className="message-item">
      <div
        className="avatar">
        <img
          alt="Aaron\'s avatar"
          src="http://dummyimage.com/100x100.jpg/dddddd/000000" />
      </div>
      <div
        className="message">
        Quisque ut erat. Curabitur gravida nisi at nibh.
        <span>
           On: 
          Friday, February 26, 2016 10:05 AM
        </span>
        <span
          className="email">
          <p>
            awilliams8@indiegogo.com
          </p>
        </span>
      </div>
    </li>
    <li
      className="message-item">
      <div
        className="avatar">
        <img
          alt="Amanda\'s avatar"
          src={null} />
      </div>
      <div
        className="message">
        Nulla tempus. Vivamus in felis eu sapien cursus vestibulum. Proin eu mi.
        <span>
           On: 
          Wednesday, February 24, 2016 12:01 AM
        </span>
        <span
          className="email">
          <p>
            abakera@craigslist.org
          </p>
        </span>
      </div>
    </li>
  </ul>
</div>
`;
